Archive member included to satisfy reference by file (symbol)

../Lab6_Part2_APP_bsp/\libhal_bsp.a(alt_load.o)
                              ../Lab6_Part2_APP_bsp//obj/HAL/src/crt0.o (alt_load)
../Lab6_Part2_APP_bsp/\libhal_bsp.a(alt_main.o)
                              ../Lab6_Part2_APP_bsp//obj/HAL/src/crt0.o (alt_main)
../Lab6_Part2_APP_bsp/\libhal_bsp.a(alt_sys_init.o)
                              ../Lab6_Part2_APP_bsp/\libhal_bsp.a(alt_main.o) (alt_irq_init)
../Lab6_Part2_APP_bsp/\libhal_bsp.a(altera_avalon_jtag_uart_fd.o)
                              ../Lab6_Part2_APP_bsp/\libhal_bsp.a(alt_sys_init.o) (altera_avalon_jtag_uart_read_fd)
../Lab6_Part2_APP_bsp/\libhal_bsp.a(altera_avalon_jtag_uart_read.o)
                              ../Lab6_Part2_APP_bsp/\libhal_bsp.a(altera_avalon_jtag_uart_fd.o) (altera_avalon_jtag_uart_read)
../Lab6_Part2_APP_bsp/\libhal_bsp.a(altera_avalon_jtag_uart_write.o)
                              ../Lab6_Part2_APP_bsp/\libhal_bsp.a(altera_avalon_jtag_uart_fd.o) (altera_avalon_jtag_uart_write)
../Lab6_Part2_APP_bsp/\libhal_bsp.a(alt_close.o)
                              ../Lab6_Part2_APP_bsp/\libhal_bsp.a(alt_main.o) (close)
../Lab6_Part2_APP_bsp/\libhal_bsp.a(alt_dcache_flush_all.o)
                              ../Lab6_Part2_APP_bsp/\libhal_bsp.a(alt_load.o) (alt_dcache_flush_all)
../Lab6_Part2_APP_bsp/\libhal_bsp.a(alt_dev.o)
                              ../Lab6_Part2_APP_bsp/\libhal_bsp.a(alt_sys_init.o) (alt_dev_list)
../Lab6_Part2_APP_bsp/\libhal_bsp.a(alt_dev_llist_insert.o)
                              ../Lab6_Part2_APP_bsp/\libhal_bsp.a(alt_sys_init.o) (alt_dev_llist_insert)
../Lab6_Part2_APP_bsp/\libhal_bsp.a(alt_errno.o)
                              ../Lab6_Part2_APP_bsp/\libhal_bsp.a(alt_close.o) (alt_errno)
../Lab6_Part2_APP_bsp/\libhal_bsp.a(alt_icache_flush_all.o)
                              ../Lab6_Part2_APP_bsp/\libhal_bsp.a(alt_load.o) (alt_icache_flush_all)
../Lab6_Part2_APP_bsp/\libhal_bsp.a(alt_io_redirect.o)
                              ../Lab6_Part2_APP_bsp/\libhal_bsp.a(alt_main.o) (alt_io_redirect)
../Lab6_Part2_APP_bsp/\libhal_bsp.a(alt_open.o)
                              ../Lab6_Part2_APP_bsp/\libhal_bsp.a(alt_io_redirect.o) (open)
../Lab6_Part2_APP_bsp/\libhal_bsp.a(alt_release_fd.o)
                              ../Lab6_Part2_APP_bsp/\libhal_bsp.a(alt_close.o) (alt_release_fd)
../Lab6_Part2_APP_bsp/\libhal_bsp.a(altera_nios2_gen2_irq.o)
                              ../Lab6_Part2_APP_bsp/\libhal_bsp.a(alt_sys_init.o) (altera_nios2_gen2_irq_init)
../Lab6_Part2_APP_bsp/\libhal_bsp.a(alt_find_dev.o)
                              ../Lab6_Part2_APP_bsp/\libhal_bsp.a(alt_open.o) (alt_find_dev)
../Lab6_Part2_APP_bsp/\libhal_bsp.a(alt_find_file.o)
                              ../Lab6_Part2_APP_bsp/\libhal_bsp.a(alt_open.o) (alt_find_file)
../Lab6_Part2_APP_bsp/\libhal_bsp.a(alt_get_fd.o)
                              ../Lab6_Part2_APP_bsp/\libhal_bsp.a(alt_open.o) (alt_get_fd)
c:/intelfpga_lite/18.1/nios2eds/bin/gnu/h-x86_64-mingw32/bin/../lib/gcc/nios2-elf/5.3.0/../../../../../H-x86_64-mingw32/nios2-elf/lib/mno-hw-mul\libsmallc.a(lib_a-exit.o)
                              ../Lab6_Part2_APP_bsp/\libhal_bsp.a(alt_main.o) (exit)
c:/intelfpga_lite/18.1/nios2eds/bin/gnu/h-x86_64-mingw32/bin/../lib/gcc/nios2-elf/5.3.0/../../../../../H-x86_64-mingw32/nios2-elf/lib/mno-hw-mul\libsmallc.a(lib_a-int_errno.o)
                              ../Lab6_Part2_APP_bsp/\libhal_bsp.a(alt_close.o) (errno)
c:/intelfpga_lite/18.1/nios2eds/bin/gnu/h-x86_64-mingw32/bin/../lib/gcc/nios2-elf/5.3.0/../../../../../H-x86_64-mingw32/nios2-elf/lib/mno-hw-mul\libsmallc.a(lib_a-memcmp.o)
                              ../Lab6_Part2_APP_bsp/\libhal_bsp.a(alt_find_dev.o) (memcmp)
c:/intelfpga_lite/18.1/nios2eds/bin/gnu/h-x86_64-mingw32/bin/../lib/gcc/nios2-elf/5.3.0/../../../../../H-x86_64-mingw32/nios2-elf/lib/mno-hw-mul\libsmallc.a(lib_a-strlen.o)
                              ../Lab6_Part2_APP_bsp/\libhal_bsp.a(alt_find_dev.o) (strlen)
c:/intelfpga_lite/18.1/nios2eds/bin/gnu/h-x86_64-mingw32/bin/../lib/gcc/nios2-elf/5.3.0/../../../../../H-x86_64-mingw32/nios2-elf/lib/mno-hw-mul\libsmallc.a(lib_a-__call_atexit.o)
                              c:/intelfpga_lite/18.1/nios2eds/bin/gnu/h-x86_64-mingw32/bin/../lib/gcc/nios2-elf/5.3.0/../../../../../H-x86_64-mingw32/nios2-elf/lib/mno-hw-mul\libsmallc.a(lib_a-exit.o) (__call_exitprocs)
c:/intelfpga_lite/18.1/nios2eds/bin/gnu/h-x86_64-mingw32/bin/../lib/gcc/nios2-elf/5.3.0/../../../../../H-x86_64-mingw32/nios2-elf/lib/mno-hw-mul\libsmallc.a(lib_a-impure.o)
                              c:/intelfpga_lite/18.1/nios2eds/bin/gnu/h-x86_64-mingw32/bin/../lib/gcc/nios2-elf/5.3.0/../../../../../H-x86_64-mingw32/nios2-elf/lib/mno-hw-mul\libsmallc.a(lib_a-__call_atexit.o) (_global_impure_ptr)
c:/intelfpga_lite/18.1/nios2eds/bin/gnu/h-x86_64-mingw32/bin/../lib/gcc/nios2-elf/5.3.0/mno-hw-mul\libgcc.a(lib2-mul.o)
                              ../Lab6_Part2_APP_bsp/\libhal_bsp.a(alt_close.o) (__mulsi3)
../Lab6_Part2_APP_bsp/\libhal_bsp.a(alt_exit.o)
                              c:/intelfpga_lite/18.1/nios2eds/bin/gnu/h-x86_64-mingw32/bin/../lib/gcc/nios2-elf/5.3.0/../../../../../H-x86_64-mingw32/nios2-elf/lib/mno-hw-mul\libsmallc.a(lib_a-exit.o) (_exit)

Allocating common symbols
Common symbol       size              file

errno               0x4               c:/intelfpga_lite/18.1/nios2eds/bin/gnu/h-x86_64-mingw32/bin/../lib/gcc/nios2-elf/5.3.0/../../../../../H-x86_64-mingw32/nios2-elf/lib/mno-hw-mul\libsmallc.a(lib_a-int_errno.o)

Memory Configuration

Name             Origin             Length             Attributes
reset            0x0000000000004000 0x0000000000000020
onchip_memory2_0 0x0000000000004020 0x0000000000003fe0
*default*        0x0000000000000000 0xffffffffffffffff

Linker script and memory map

LOAD ../Lab6_Part2_APP_bsp//obj/HAL/src/crt0.o
LOAD obj/default/lab6.o
LOAD c:/intelfpga_lite/18.1/nios2eds/bin/gnu/h-x86_64-mingw32/bin/../lib/gcc/nios2-elf/5.3.0/../../../../../H-x86_64-mingw32/nios2-elf/lib/mno-hw-mul\libstdc++.a
LOAD c:/intelfpga_lite/18.1/nios2eds/bin/gnu/h-x86_64-mingw32/bin/../lib/gcc/nios2-elf/5.3.0/../../../../../H-x86_64-mingw32/nios2-elf/lib/mno-hw-mul\libm.a
LOAD c:/intelfpga_lite/18.1/nios2eds/bin/gnu/h-x86_64-mingw32/bin/../lib/gcc/nios2-elf/5.3.0/mno-hw-mul\libgcc.a
START GROUP
LOAD c:/intelfpga_lite/18.1/nios2eds/bin/gnu/h-x86_64-mingw32/bin/../lib/gcc/nios2-elf/5.3.0/../../../../../H-x86_64-mingw32/nios2-elf/lib/mno-hw-mul\libsmallc.a
LOAD c:/intelfpga_lite/18.1/nios2eds/bin/gnu/h-x86_64-mingw32/bin/../lib/gcc/nios2-elf/5.3.0/mno-hw-mul\libgcc.a
LOAD ../Lab6_Part2_APP_bsp/\libhal_bsp.a
LOAD c:/intelfpga_lite/18.1/nios2eds/bin/gnu/h-x86_64-mingw32/bin/../lib/gcc/nios2-elf/5.3.0/../../../../../H-x86_64-mingw32/nios2-elf/lib/mno-hw-mul\libm.a
END GROUP
LOAD c:/intelfpga_lite/18.1/nios2eds/bin/gnu/h-x86_64-mingw32/bin/../lib/gcc/nios2-elf/5.3.0/mno-hw-mul\libgcc.a
                0x0000000000004000                __alt_mem_onchip_memory2_0 = 0x4000

.entry          0x0000000000004000       0x20
 *(.entry)
 .entry         0x0000000000004000       0x20 ../Lab6_Part2_APP_bsp//obj/HAL/src/crt0.o
                0x0000000000004000                __reset

.exceptions     0x0000000000004020        0x0
                0x0000000000004020                PROVIDE (__ram_exceptions_start, ABSOLUTE (.))
                0x0000000000004020                . = ALIGN (0x20)
 *(.irq)
 *(.exceptions.entry.label)
 *(.exceptions.entry.user)
 *(.exceptions.entry.ecc_fatal)
 *(.exceptions.entry)
 *(.exceptions.irqtest.user)
 *(.exceptions.irqtest)
 *(.exceptions.irqhandler.user)
 *(.exceptions.irqhandler)
 *(.exceptions.irqreturn.user)
 *(.exceptions.irqreturn)
 *(.exceptions.notirq.label)
 *(.exceptions.notirq.user)
 *(.exceptions.notirq)
 *(.exceptions.soft.user)
 *(.exceptions.soft)
 *(.exceptions.unknown.user)
 *(.exceptions.unknown)
 *(.exceptions.exit.label)
 *(.exceptions.exit.user)
 *(.exceptions.exit)
 *(.exceptions)
                0x0000000000004020                PROVIDE (__ram_exceptions_end, ABSOLUTE (.))
                0x0000000000004020                PROVIDE (__flash_exceptions_start, LOADADDR (.exceptions))

.text           0x0000000000004020     0x1268
                [!provide]                        PROVIDE (stext, ABSOLUTE (.))
 *(.interp)
 *(.hash)
 *(.dynsym)
 *(.dynstr)
 *(.gnu.version)
 *(.gnu.version_d)
 *(.gnu.version_r)
 *(.rel.init)
 *(.rela.init)
 *(.rel.text .rel.text.* .rel.gnu.linkonce.t.*)
 *(.rela.text .rela.text.* .rela.gnu.linkonce.t.*)
 *(.rel.fini)
 *(.rela.fini)
 *(.rel.rodata .rel.rodata.* .rel.gnu.linkonce.r.*)
 *(.rela.rodata .rela.rodata.* .rela.gnu.linkonce.r.*)
 *(.rel.data .rel.data.* .rel.gnu.linkonce.d.*)
 *(.rela.data .rela.data.* .rela.gnu.linkonce.d.*)
 *(.rel.tdata .rel.tdata.* .rel.gnu.linkonce.td.*)
 *(.rela.tdata .rela.tdata.* .rela.gnu.linkonce.td.*)
 *(.rel.tbss .rel.tbss.* .rel.gnu.linkonce.tb.*)
 *(.rela.tbss .rela.tbss.* .rela.gnu.linkonce.tb.*)
 *(.rel.ctors)
 *(.rela.ctors)
 *(.rel.dtors)
 *(.rela.dtors)
 *(.rel.got)
 *(.rela.got)
 *(.rel.sdata .rel.sdata.* .rel.gnu.linkonce.s.*)
 *(.rela.sdata .rela.sdata.* .rela.gnu.linkonce.s.*)
 *(.rel.sbss .rel.sbss.* .rel.gnu.linkonce.sb.*)
 *(.rela.sbss .rela.sbss.* .rela.gnu.linkonce.sb.*)
 *(.rel.sdata2 .rel.sdata2.* .rel.gnu.linkonce.s2.*)
 *(.rela.sdata2 .rela.sdata2.* .rela.gnu.linkonce.s2.*)
 *(.rel.sbss2 .rel.sbss2.* .rel.gnu.linkonce.sb2.*)
 *(.rela.sbss2 .rela.sbss2.* .rela.gnu.linkonce.sb2.*)
 *(.rel.bss .rel.bss.* .rel.gnu.linkonce.b.*)
 *(.rela.bss .rela.bss.* .rela.gnu.linkonce.b.*)
 *(.rel.plt)
 *(.rela.plt)
 *(.rel.dyn)
 *(.init)
 *(.plt)
 *(.text .stub .text.* .gnu.linkonce.t.*)
 .text          0x0000000000004020       0x3c ../Lab6_Part2_APP_bsp//obj/HAL/src/crt0.o
                0x0000000000004020                _start
 .text          0x000000000000405c      0x250 obj/default/lab6.o
                0x000000000000405c                RAMTest8
                0x0000000000004110                RAMTest16
                0x00000000000041c4                RAMTest32
                0x0000000000004278                main
 .text          0x00000000000042ac       0xec ../Lab6_Part2_APP_bsp/\libhal_bsp.a(alt_load.o)
                0x0000000000004314                alt_load
 .text          0x0000000000004398       0x6c ../Lab6_Part2_APP_bsp/\libhal_bsp.a(alt_main.o)
                0x0000000000004398                alt_main
 .text          0x0000000000004404       0xa4 ../Lab6_Part2_APP_bsp/\libhal_bsp.a(alt_sys_init.o)
                0x0000000000004438                alt_irq_init
                0x0000000000004470                alt_sys_init
 .text          0x00000000000044a8       0xc0 ../Lab6_Part2_APP_bsp/\libhal_bsp.a(altera_avalon_jtag_uart_fd.o)
                0x00000000000044a8                altera_avalon_jtag_uart_read_fd
                0x0000000000004508                altera_avalon_jtag_uart_write_fd
 .text          0x0000000000004568       0xec ../Lab6_Part2_APP_bsp/\libhal_bsp.a(altera_avalon_jtag_uart_read.o)
                0x0000000000004568                altera_avalon_jtag_uart_read
 .text          0x0000000000004654       0x94 ../Lab6_Part2_APP_bsp/\libhal_bsp.a(altera_avalon_jtag_uart_write.o)
                0x0000000000004654                altera_avalon_jtag_uart_write
 .text          0x00000000000046e8      0x114 ../Lab6_Part2_APP_bsp/\libhal_bsp.a(alt_close.o)
                0x0000000000004724                close
 .text          0x00000000000047fc       0x20 ../Lab6_Part2_APP_bsp/\libhal_bsp.a(alt_dcache_flush_all.o)
                0x00000000000047fc                alt_dcache_flush_all
 .text          0x000000000000481c       0x2c ../Lab6_Part2_APP_bsp/\libhal_bsp.a(alt_dev.o)
 .text          0x0000000000004848       0xe0 ../Lab6_Part2_APP_bsp/\libhal_bsp.a(alt_dev_llist_insert.o)
                0x0000000000004884                alt_dev_llist_insert
 .text          0x0000000000004928        0x0 ../Lab6_Part2_APP_bsp/\libhal_bsp.a(alt_errno.o)
 .text          0x0000000000004928       0x20 ../Lab6_Part2_APP_bsp/\libhal_bsp.a(alt_icache_flush_all.o)
                0x0000000000004928                alt_icache_flush_all
 .text          0x0000000000004948      0x160 ../Lab6_Part2_APP_bsp/\libhal_bsp.a(alt_io_redirect.o)
                0x0000000000004a2c                alt_io_redirect
 .text          0x0000000000004aa8      0x284 ../Lab6_Part2_APP_bsp/\libhal_bsp.a(alt_open.o)
                0x0000000000004bd0                open
 .text          0x0000000000004d2c       0x84 ../Lab6_Part2_APP_bsp/\libhal_bsp.a(alt_release_fd.o)
                0x0000000000004d2c                alt_release_fd
 .text          0x0000000000004db0       0x24 ../Lab6_Part2_APP_bsp/\libhal_bsp.a(altera_nios2_gen2_irq.o)
                0x0000000000004db0                altera_nios2_gen2_irq_init
 .text          0x0000000000004dd4       0x90 ../Lab6_Part2_APP_bsp/\libhal_bsp.a(alt_find_dev.o)
                0x0000000000004dd4                alt_find_dev
 .text          0x0000000000004e64      0x108 ../Lab6_Part2_APP_bsp/\libhal_bsp.a(alt_find_file.o)
                0x0000000000004e64                alt_find_file
 .text          0x0000000000004f6c       0xc4 ../Lab6_Part2_APP_bsp/\libhal_bsp.a(alt_get_fd.o)
                0x0000000000004f6c                alt_get_fd
 .text          0x0000000000005030        0x0 c:/intelfpga_lite/18.1/nios2eds/bin/gnu/h-x86_64-mingw32/bin/../lib/gcc/nios2-elf/5.3.0/../../../../../H-x86_64-mingw32/nios2-elf/lib/mno-hw-mul\libsmallc.a(lib_a-exit.o)
 .text.exit     0x0000000000005030       0x20 c:/intelfpga_lite/18.1/nios2eds/bin/gnu/h-x86_64-mingw32/bin/../lib/gcc/nios2-elf/5.3.0/../../../../../H-x86_64-mingw32/nios2-elf/lib/mno-hw-mul\libsmallc.a(lib_a-exit.o)
                0x0000000000005030                exit
 .text          0x0000000000005050        0x0 c:/intelfpga_lite/18.1/nios2eds/bin/gnu/h-x86_64-mingw32/bin/../lib/gcc/nios2-elf/5.3.0/../../../../../H-x86_64-mingw32/nios2-elf/lib/mno-hw-mul\libsmallc.a(lib_a-int_errno.o)
 .text          0x0000000000005050        0x0 c:/intelfpga_lite/18.1/nios2eds/bin/gnu/h-x86_64-mingw32/bin/../lib/gcc/nios2-elf/5.3.0/../../../../../H-x86_64-mingw32/nios2-elf/lib/mno-hw-mul\libsmallc.a(lib_a-memcmp.o)
 .text.memcmp   0x0000000000005050       0x30 c:/intelfpga_lite/18.1/nios2eds/bin/gnu/h-x86_64-mingw32/bin/../lib/gcc/nios2-elf/5.3.0/../../../../../H-x86_64-mingw32/nios2-elf/lib/mno-hw-mul\libsmallc.a(lib_a-memcmp.o)
                0x0000000000005050                memcmp
 .text          0x0000000000005080        0x0 c:/intelfpga_lite/18.1/nios2eds/bin/gnu/h-x86_64-mingw32/bin/../lib/gcc/nios2-elf/5.3.0/../../../../../H-x86_64-mingw32/nios2-elf/lib/mno-hw-mul\libsmallc.a(lib_a-strlen.o)
 .text.strlen   0x0000000000005080       0x1c c:/intelfpga_lite/18.1/nios2eds/bin/gnu/h-x86_64-mingw32/bin/../lib/gcc/nios2-elf/5.3.0/../../../../../H-x86_64-mingw32/nios2-elf/lib/mno-hw-mul\libsmallc.a(lib_a-strlen.o)
                0x0000000000005080                strlen
 .text          0x000000000000509c        0x0 c:/intelfpga_lite/18.1/nios2eds/bin/gnu/h-x86_64-mingw32/bin/../lib/gcc/nios2-elf/5.3.0/../../../../../H-x86_64-mingw32/nios2-elf/lib/mno-hw-mul\libsmallc.a(lib_a-__call_atexit.o)
 .text.__call_exitprocs
                0x000000000000509c      0x190 c:/intelfpga_lite/18.1/nios2eds/bin/gnu/h-x86_64-mingw32/bin/../lib/gcc/nios2-elf/5.3.0/../../../../../H-x86_64-mingw32/nios2-elf/lib/mno-hw-mul\libsmallc.a(lib_a-__call_atexit.o)
                0x000000000000509c                __call_exitprocs
 .text          0x000000000000522c        0x0 c:/intelfpga_lite/18.1/nios2eds/bin/gnu/h-x86_64-mingw32/bin/../lib/gcc/nios2-elf/5.3.0/../../../../../H-x86_64-mingw32/nios2-elf/lib/mno-hw-mul\libsmallc.a(lib_a-impure.o)
 .text          0x000000000000522c       0x28 c:/intelfpga_lite/18.1/nios2eds/bin/gnu/h-x86_64-mingw32/bin/../lib/gcc/nios2-elf/5.3.0/mno-hw-mul\libgcc.a(lib2-mul.o)
                0x000000000000522c                __mulsi3
 .text          0x0000000000005254       0x34 ../Lab6_Part2_APP_bsp/\libhal_bsp.a(alt_exit.o)
                0x0000000000005254                _exit
 *(.gnu.warning.*)
 *(.fini)
                [!provide]                        PROVIDE (__etext, ABSOLUTE (.))
                [!provide]                        PROVIDE (_etext, ABSOLUTE (.))
                [!provide]                        PROVIDE (etext, ABSOLUTE (.))
 *(.eh_frame_hdr)
                0x0000000000005288                . = ALIGN (0x4)
                [!provide]                        PROVIDE (__preinit_array_start, ABSOLUTE (.))
 *(.preinit_array)
                [!provide]                        PROVIDE (__preinit_array_end, ABSOLUTE (.))
                [!provide]                        PROVIDE (__init_array_start, ABSOLUTE (.))
 *(.init_array)
                [!provide]                        PROVIDE (__init_array_end, ABSOLUTE (.))
                [!provide]                        PROVIDE (__fini_array_start, ABSOLUTE (.))
 *(.fini_array)
                [!provide]                        PROVIDE (__fini_array_end, ABSOLUTE (.))
 *(.eh_frame)
 *(.gcc_except_table .gcc_except_table.*)
 *(.dynamic)
                [!provide]                        PROVIDE (__CTOR_LIST__, ABSOLUTE (.))
 *(.ctors)
 *(SORT(.ctors.*))
                [!provide]                        PROVIDE (__CTOR_END__, ABSOLUTE (.))
                [!provide]                        PROVIDE (__DTOR_LIST__, ABSOLUTE (.))
 *(.dtors)
 *(SORT(.dtors.*))
                [!provide]                        PROVIDE (__DTOR_END__, ABSOLUTE (.))
 *(.jcr)
                0x0000000000005288                . = ALIGN (0x4)

.rodata         0x0000000000005288       0x34
                0x0000000000005288                PROVIDE (__ram_rodata_start, ABSOLUTE (.))
                0x0000000000005288                . = ALIGN (0x4)
 *(.rodata .rodata.* .gnu.linkonce.r.*)
 .rodata        0x0000000000005288       0x11 ../Lab6_Part2_APP_bsp/\libhal_bsp.a(alt_main.o)
 *fill*         0x0000000000005299        0x3 
 .rodata        0x000000000000529c       0x11 ../Lab6_Part2_APP_bsp/\libhal_bsp.a(alt_sys_init.o)
 *fill*         0x00000000000052ad        0x3 
 .rodata        0x00000000000052b0        0xa ../Lab6_Part2_APP_bsp/\libhal_bsp.a(alt_dev.o)
 *(.rodata1)
                0x00000000000052bc                . = ALIGN (0x4)
 *fill*         0x00000000000052ba        0x2 
                0x00000000000052bc                PROVIDE (__ram_rodata_end, ABSOLUTE (.))
                0x0000000000005288                PROVIDE (__flash_rodata_start, LOADADDR (.rodata))

.rwdata         0x00000000000052bc      0x2dc load address 0x0000000000005598
                0x00000000000052bc                PROVIDE (__ram_rwdata_start, ABSOLUTE (.))
                0x00000000000052bc                . = ALIGN (0x4)
 *(.got.plt)
 *(.got)
 *(.data1)
 *(.data .data.* .gnu.linkonce.d.*)
 .data          0x00000000000052bc        0x0 ../Lab6_Part2_APP_bsp//obj/HAL/src/crt0.o
 .data          0x00000000000052bc        0x0 obj/default/lab6.o
 .data          0x00000000000052bc        0x0 ../Lab6_Part2_APP_bsp/\libhal_bsp.a(alt_load.o)
 .data          0x00000000000052bc        0x0 ../Lab6_Part2_APP_bsp/\libhal_bsp.a(alt_main.o)
 .data          0x00000000000052bc       0x2c ../Lab6_Part2_APP_bsp/\libhal_bsp.a(alt_sys_init.o)
 .data          0x00000000000052e8        0x0 ../Lab6_Part2_APP_bsp/\libhal_bsp.a(altera_avalon_jtag_uart_fd.o)
 .data          0x00000000000052e8        0x0 ../Lab6_Part2_APP_bsp/\libhal_bsp.a(altera_avalon_jtag_uart_read.o)
 .data          0x00000000000052e8        0x0 ../Lab6_Part2_APP_bsp/\libhal_bsp.a(altera_avalon_jtag_uart_write.o)
 .data          0x00000000000052e8        0x0 ../Lab6_Part2_APP_bsp/\libhal_bsp.a(alt_close.o)
 .data          0x00000000000052e8        0x0 ../Lab6_Part2_APP_bsp/\libhal_bsp.a(alt_dcache_flush_all.o)
 .data          0x00000000000052e8      0x1a8 ../Lab6_Part2_APP_bsp/\libhal_bsp.a(alt_dev.o)
                0x00000000000052e8                alt_dev_null
                0x0000000000005310                alt_fd_list
 .data          0x0000000000005490        0x0 ../Lab6_Part2_APP_bsp/\libhal_bsp.a(alt_dev_llist_insert.o)
 .data          0x0000000000005490        0x0 ../Lab6_Part2_APP_bsp/\libhal_bsp.a(alt_errno.o)
 .data          0x0000000000005490        0x0 ../Lab6_Part2_APP_bsp/\libhal_bsp.a(alt_icache_flush_all.o)
 .data          0x0000000000005490        0x0 ../Lab6_Part2_APP_bsp/\libhal_bsp.a(alt_io_redirect.o)
 .data          0x0000000000005490        0x0 ../Lab6_Part2_APP_bsp/\libhal_bsp.a(alt_open.o)
 .data          0x0000000000005490        0x0 ../Lab6_Part2_APP_bsp/\libhal_bsp.a(alt_release_fd.o)
 .data          0x0000000000005490        0x0 ../Lab6_Part2_APP_bsp/\libhal_bsp.a(altera_nios2_gen2_irq.o)
 .data          0x0000000000005490        0x0 ../Lab6_Part2_APP_bsp/\libhal_bsp.a(alt_find_dev.o)
 .data          0x0000000000005490        0x0 ../Lab6_Part2_APP_bsp/\libhal_bsp.a(alt_find_file.o)
 .data          0x0000000000005490        0x0 ../Lab6_Part2_APP_bsp/\libhal_bsp.a(alt_get_fd.o)
 .data          0x0000000000005490        0x0 c:/intelfpga_lite/18.1/nios2eds/bin/gnu/h-x86_64-mingw32/bin/../lib/gcc/nios2-elf/5.3.0/../../../../../H-x86_64-mingw32/nios2-elf/lib/mno-hw-mul\libsmallc.a(lib_a-exit.o)
 .data          0x0000000000005490        0x0 c:/intelfpga_lite/18.1/nios2eds/bin/gnu/h-x86_64-mingw32/bin/../lib/gcc/nios2-elf/5.3.0/../../../../../H-x86_64-mingw32/nios2-elf/lib/mno-hw-mul\libsmallc.a(lib_a-int_errno.o)
 .data          0x0000000000005490        0x0 c:/intelfpga_lite/18.1/nios2eds/bin/gnu/h-x86_64-mingw32/bin/../lib/gcc/nios2-elf/5.3.0/../../../../../H-x86_64-mingw32/nios2-elf/lib/mno-hw-mul\libsmallc.a(lib_a-memcmp.o)
 .data          0x0000000000005490        0x0 c:/intelfpga_lite/18.1/nios2eds/bin/gnu/h-x86_64-mingw32/bin/../lib/gcc/nios2-elf/5.3.0/../../../../../H-x86_64-mingw32/nios2-elf/lib/mno-hw-mul\libsmallc.a(lib_a-strlen.o)
 .data          0x0000000000005490        0x0 c:/intelfpga_lite/18.1/nios2eds/bin/gnu/h-x86_64-mingw32/bin/../lib/gcc/nios2-elf/5.3.0/../../../../../H-x86_64-mingw32/nios2-elf/lib/mno-hw-mul\libsmallc.a(lib_a-__call_atexit.o)
 .data          0x0000000000005490        0x0 c:/intelfpga_lite/18.1/nios2eds/bin/gnu/h-x86_64-mingw32/bin/../lib/gcc/nios2-elf/5.3.0/../../../../../H-x86_64-mingw32/nios2-elf/lib/mno-hw-mul\libsmallc.a(lib_a-impure.o)
 .data.impure_data
                0x0000000000005490       0xe0 c:/intelfpga_lite/18.1/nios2eds/bin/gnu/h-x86_64-mingw32/bin/../lib/gcc/nios2-elf/5.3.0/../../../../../H-x86_64-mingw32/nios2-elf/lib/mno-hw-mul\libsmallc.a(lib_a-impure.o)
 .data          0x0000000000005570        0x0 c:/intelfpga_lite/18.1/nios2eds/bin/gnu/h-x86_64-mingw32/bin/../lib/gcc/nios2-elf/5.3.0/mno-hw-mul\libgcc.a(lib2-mul.o)
 .data          0x0000000000005570        0x0 ../Lab6_Part2_APP_bsp/\libhal_bsp.a(alt_exit.o)
                0x000000000000d570                _gp = ABSOLUTE ((. + 0x8000))
                [!provide]                        PROVIDE (gp, _gp)
 *(.rwdata .rwdata.*)
 *(.sdata .sdata.* .gnu.linkonce.s.*)
 .sdata         0x0000000000005570        0x8 obj/default/lab6.o
                0x0000000000005570                KeyPtr
                0x0000000000005574                LEDSPtr
 .sdata         0x0000000000005578       0x14 ../Lab6_Part2_APP_bsp/\libhal_bsp.a(alt_dev.o)
                0x0000000000005578                alt_fs_list
                0x0000000000005580                alt_dev_list
                0x0000000000005588                alt_max_fd
 .sdata         0x000000000000558c        0x4 ../Lab6_Part2_APP_bsp/\libhal_bsp.a(alt_errno.o)
                0x000000000000558c                alt_errno
 .sdata._global_impure_ptr
                0x0000000000005590        0x4 c:/intelfpga_lite/18.1/nios2eds/bin/gnu/h-x86_64-mingw32/bin/../lib/gcc/nios2-elf/5.3.0/../../../../../H-x86_64-mingw32/nios2-elf/lib/mno-hw-mul\libsmallc.a(lib_a-impure.o)
                0x0000000000005590                _global_impure_ptr
 .sdata._impure_ptr
                0x0000000000005594        0x4 c:/intelfpga_lite/18.1/nios2eds/bin/gnu/h-x86_64-mingw32/bin/../lib/gcc/nios2-elf/5.3.0/../../../../../H-x86_64-mingw32/nios2-elf/lib/mno-hw-mul\libsmallc.a(lib_a-impure.o)
                0x0000000000005594                _impure_ptr
 *(.sdata2 .sdata2.* .gnu.linkonce.s2.*)
                0x0000000000005598                . = ALIGN (0x4)
                0x0000000000005598                _edata = ABSOLUTE (.)
                [!provide]                        PROVIDE (edata, ABSOLUTE (.))
                0x0000000000005598                PROVIDE (__ram_rwdata_end, ABSOLUTE (.))
                0x0000000000005598                PROVIDE (__flash_rwdata_start, LOADADDR (.rwdata))

.bss            0x0000000000005874       0x14
                0x0000000000005874                __bss_start = ABSOLUTE (.)
                [!provide]                        PROVIDE (__sbss_start, ABSOLUTE (.))
                [!provide]                        PROVIDE (___sbss_start, ABSOLUTE (.))
 *(.dynsbss)
 *(.sbss .sbss.* .gnu.linkonce.sb.*)
 .sbss          0x0000000000005874        0x4 obj/default/lab6.o
                0x0000000000005874                RamPtr
 .sbss          0x0000000000005878        0xc ../Lab6_Part2_APP_bsp/\libhal_bsp.a(alt_main.o)
                0x0000000000005878                alt_argc
                0x000000000000587c                alt_argv
                0x0000000000005880                alt_envp
 .sbss          0x0000000000005884        0x4 c:/intelfpga_lite/18.1/nios2eds/bin/gnu/h-x86_64-mingw32/bin/../lib/gcc/nios2-elf/5.3.0/../../../../../H-x86_64-mingw32/nios2-elf/lib/mno-hw-mul\libsmallc.a(lib_a-int_errno.o)
                0x0000000000005884                errno
 *(.sbss2 .sbss2.* .gnu.linkonce.sb2.*)
 *(.scommon)
                [!provide]                        PROVIDE (__sbss_end, ABSOLUTE (.))
                [!provide]                        PROVIDE (___sbss_end, ABSOLUTE (.))
 *(.dynbss)
 *(.bss .bss.* .gnu.linkonce.b.*)
 .bss           0x0000000000005888        0x0 ../Lab6_Part2_APP_bsp//obj/HAL/src/crt0.o
 .bss           0x0000000000005888        0x0 obj/default/lab6.o
 .bss           0x0000000000005888        0x0 ../Lab6_Part2_APP_bsp/\libhal_bsp.a(alt_load.o)
 .bss           0x0000000000005888        0x0 ../Lab6_Part2_APP_bsp/\libhal_bsp.a(alt_main.o)
 .bss           0x0000000000005888        0x0 ../Lab6_Part2_APP_bsp/\libhal_bsp.a(alt_sys_init.o)
 .bss           0x0000000000005888        0x0 ../Lab6_Part2_APP_bsp/\libhal_bsp.a(altera_avalon_jtag_uart_fd.o)
 .bss           0x0000000000005888        0x0 ../Lab6_Part2_APP_bsp/\libhal_bsp.a(altera_avalon_jtag_uart_read.o)
 .bss           0x0000000000005888        0x0 ../Lab6_Part2_APP_bsp/\libhal_bsp.a(altera_avalon_jtag_uart_write.o)
 .bss           0x0000000000005888        0x0 ../Lab6_Part2_APP_bsp/\libhal_bsp.a(alt_close.o)
 .bss           0x0000000000005888        0x0 ../Lab6_Part2_APP_bsp/\libhal_bsp.a(alt_dcache_flush_all.o)
 .bss           0x0000000000005888        0x0 ../Lab6_Part2_APP_bsp/\libhal_bsp.a(alt_dev.o)
 .bss           0x0000000000005888        0x0 ../Lab6_Part2_APP_bsp/\libhal_bsp.a(alt_dev_llist_insert.o)
 .bss           0x0000000000005888        0x0 ../Lab6_Part2_APP_bsp/\libhal_bsp.a(alt_errno.o)
 .bss           0x0000000000005888        0x0 ../Lab6_Part2_APP_bsp/\libhal_bsp.a(alt_icache_flush_all.o)
 .bss           0x0000000000005888        0x0 ../Lab6_Part2_APP_bsp/\libhal_bsp.a(alt_io_redirect.o)
 .bss           0x0000000000005888        0x0 ../Lab6_Part2_APP_bsp/\libhal_bsp.a(alt_open.o)
 .bss           0x0000000000005888        0x0 ../Lab6_Part2_APP_bsp/\libhal_bsp.a(alt_release_fd.o)
 .bss           0x0000000000005888        0x0 ../Lab6_Part2_APP_bsp/\libhal_bsp.a(altera_nios2_gen2_irq.o)
 .bss           0x0000000000005888        0x0 ../Lab6_Part2_APP_bsp/\libhal_bsp.a(alt_find_dev.o)
 .bss           0x0000000000005888        0x0 ../Lab6_Part2_APP_bsp/\libhal_bsp.a(alt_find_file.o)
 .bss           0x0000000000005888        0x0 ../Lab6_Part2_APP_bsp/\libhal_bsp.a(alt_get_fd.o)
 .bss           0x0000000000005888        0x0 c:/intelfpga_lite/18.1/nios2eds/bin/gnu/h-x86_64-mingw32/bin/../lib/gcc/nios2-elf/5.3.0/../../../../../H-x86_64-mingw32/nios2-elf/lib/mno-hw-mul\libsmallc.a(lib_a-exit.o)
 .bss           0x0000000000005888        0x0 c:/intelfpga_lite/18.1/nios2eds/bin/gnu/h-x86_64-mingw32/bin/../lib/gcc/nios2-elf/5.3.0/../../../../../H-x86_64-mingw32/nios2-elf/lib/mno-hw-mul\libsmallc.a(lib_a-int_errno.o)
 .bss           0x0000000000005888        0x0 c:/intelfpga_lite/18.1/nios2eds/bin/gnu/h-x86_64-mingw32/bin/../lib/gcc/nios2-elf/5.3.0/../../../../../H-x86_64-mingw32/nios2-elf/lib/mno-hw-mul\libsmallc.a(lib_a-memcmp.o)
 .bss           0x0000000000005888        0x0 c:/intelfpga_lite/18.1/nios2eds/bin/gnu/h-x86_64-mingw32/bin/../lib/gcc/nios2-elf/5.3.0/../../../../../H-x86_64-mingw32/nios2-elf/lib/mno-hw-mul\libsmallc.a(lib_a-strlen.o)
 .bss           0x0000000000005888        0x0 c:/intelfpga_lite/18.1/nios2eds/bin/gnu/h-x86_64-mingw32/bin/../lib/gcc/nios2-elf/5.3.0/../../../../../H-x86_64-mingw32/nios2-elf/lib/mno-hw-mul\libsmallc.a(lib_a-__call_atexit.o)
 .bss           0x0000000000005888        0x0 c:/intelfpga_lite/18.1/nios2eds/bin/gnu/h-x86_64-mingw32/bin/../lib/gcc/nios2-elf/5.3.0/../../../../../H-x86_64-mingw32/nios2-elf/lib/mno-hw-mul\libsmallc.a(lib_a-impure.o)
 .bss           0x0000000000005888        0x0 c:/intelfpga_lite/18.1/nios2eds/bin/gnu/h-x86_64-mingw32/bin/../lib/gcc/nios2-elf/5.3.0/mno-hw-mul\libgcc.a(lib2-mul.o)
 .bss           0x0000000000005888        0x0 ../Lab6_Part2_APP_bsp/\libhal_bsp.a(alt_exit.o)
 *(COMMON)
                0x0000000000005888                . = ALIGN (0x4)
                0x0000000000005888                __bss_end = ABSOLUTE (.)

.onchip_memory2_0
                0x0000000000005888        0x0
                [!provide]                        PROVIDE (_alt_partition_onchip_memory2_0_start, ABSOLUTE (.))
 *(.onchip_memory2_0 .onchip_memory2_0. onchip_memory2_0.*)
                0x0000000000005888                . = ALIGN (0x4)
                [!provide]                        PROVIDE (_alt_partition_onchip_memory2_0_end, ABSOLUTE (.))
                0x0000000000005888                _end = ABSOLUTE (.)
                0x0000000000005888                end = ABSOLUTE (.)
                0x0000000000005888                __alt_stack_base = ABSOLUTE (.)
                [!provide]                        PROVIDE (_alt_partition_onchip_memory2_0_load_addr, LOADADDR (.onchip_memory2_0))

.stab
 *(.stab)

.stabstr
 *(.stabstr)

.stab.excl
 *(.stab.excl)

.stab.exclstr
 *(.stab.exclstr)

.stab.index
 *(.stab.index)

.stab.indexstr
 *(.stab.indexstr)

.comment        0x0000000000000000       0x23
 *(.comment)
 .comment       0x0000000000000000       0x23 obj/default/lab6.o
                                         0x24 (size before relaxing)
 .comment       0x0000000000000023       0x24 ../Lab6_Part2_APP_bsp/\libhal_bsp.a(alt_load.o)
 .comment       0x0000000000000023       0x24 ../Lab6_Part2_APP_bsp/\libhal_bsp.a(alt_main.o)
 .comment       0x0000000000000023       0x24 ../Lab6_Part2_APP_bsp/\libhal_bsp.a(alt_sys_init.o)
 .comment       0x0000000000000023       0x24 ../Lab6_Part2_APP_bsp/\libhal_bsp.a(altera_avalon_jtag_uart_fd.o)
 .comment       0x0000000000000023       0x24 ../Lab6_Part2_APP_bsp/\libhal_bsp.a(altera_avalon_jtag_uart_read.o)
 .comment       0x0000000000000023       0x24 ../Lab6_Part2_APP_bsp/\libhal_bsp.a(altera_avalon_jtag_uart_write.o)
 .comment       0x0000000000000023       0x24 ../Lab6_Part2_APP_bsp/\libhal_bsp.a(alt_close.o)
 .comment       0x0000000000000023       0x24 ../Lab6_Part2_APP_bsp/\libhal_bsp.a(alt_dcache_flush_all.o)
 .comment       0x0000000000000023       0x24 ../Lab6_Part2_APP_bsp/\libhal_bsp.a(alt_dev.o)
 .comment       0x0000000000000023       0x24 ../Lab6_Part2_APP_bsp/\libhal_bsp.a(alt_dev_llist_insert.o)
 .comment       0x0000000000000023       0x24 ../Lab6_Part2_APP_bsp/\libhal_bsp.a(alt_errno.o)
 .comment       0x0000000000000023       0x24 ../Lab6_Part2_APP_bsp/\libhal_bsp.a(alt_icache_flush_all.o)
 .comment       0x0000000000000023       0x24 ../Lab6_Part2_APP_bsp/\libhal_bsp.a(alt_io_redirect.o)
 .comment       0x0000000000000023       0x24 ../Lab6_Part2_APP_bsp/\libhal_bsp.a(alt_open.o)
 .comment       0x0000000000000023       0x24 ../Lab6_Part2_APP_bsp/\libhal_bsp.a(alt_release_fd.o)
 .comment       0x0000000000000023       0x24 ../Lab6_Part2_APP_bsp/\libhal_bsp.a(altera_nios2_gen2_irq.o)
 .comment       0x0000000000000023       0x24 ../Lab6_Part2_APP_bsp/\libhal_bsp.a(alt_find_dev.o)
 .comment       0x0000000000000023       0x24 ../Lab6_Part2_APP_bsp/\libhal_bsp.a(alt_find_file.o)
 .comment       0x0000000000000023       0x24 ../Lab6_Part2_APP_bsp/\libhal_bsp.a(alt_get_fd.o)
 .comment       0x0000000000000023       0x24 c:/intelfpga_lite/18.1/nios2eds/bin/gnu/h-x86_64-mingw32/bin/../lib/gcc/nios2-elf/5.3.0/../../../../../H-x86_64-mingw32/nios2-elf/lib/mno-hw-mul\libsmallc.a(lib_a-exit.o)
 .comment       0x0000000000000023       0x24 c:/intelfpga_lite/18.1/nios2eds/bin/gnu/h-x86_64-mingw32/bin/../lib/gcc/nios2-elf/5.3.0/../../../../../H-x86_64-mingw32/nios2-elf/lib/mno-hw-mul\libsmallc.a(lib_a-int_errno.o)
 .comment       0x0000000000000023       0x24 c:/intelfpga_lite/18.1/nios2eds/bin/gnu/h-x86_64-mingw32/bin/../lib/gcc/nios2-elf/5.3.0/../../../../../H-x86_64-mingw32/nios2-elf/lib/mno-hw-mul\libsmallc.a(lib_a-memcmp.o)
 .comment       0x0000000000000023       0x24 c:/intelfpga_lite/18.1/nios2eds/bin/gnu/h-x86_64-mingw32/bin/../lib/gcc/nios2-elf/5.3.0/../../../../../H-x86_64-mingw32/nios2-elf/lib/mno-hw-mul\libsmallc.a(lib_a-strlen.o)
 .comment       0x0000000000000023       0x24 c:/intelfpga_lite/18.1/nios2eds/bin/gnu/h-x86_64-mingw32/bin/../lib/gcc/nios2-elf/5.3.0/../../../../../H-x86_64-mingw32/nios2-elf/lib/mno-hw-mul\libsmallc.a(lib_a-__call_atexit.o)
 .comment       0x0000000000000023       0x24 c:/intelfpga_lite/18.1/nios2eds/bin/gnu/h-x86_64-mingw32/bin/../lib/gcc/nios2-elf/5.3.0/../../../../../H-x86_64-mingw32/nios2-elf/lib/mno-hw-mul\libsmallc.a(lib_a-impure.o)
 .comment       0x0000000000000023       0x24 c:/intelfpga_lite/18.1/nios2eds/bin/gnu/h-x86_64-mingw32/bin/../lib/gcc/nios2-elf/5.3.0/mno-hw-mul\libgcc.a(lib2-mul.o)
 .comment       0x0000000000000023       0x24 ../Lab6_Part2_APP_bsp/\libhal_bsp.a(alt_exit.o)

.debug
 *(.debug)

.line
 *(.line)

.debug_srcinfo
 *(.debug_srcinfo)

.debug_sfnames
 *(.debug_sfnames)

.debug_aranges  0x0000000000000000      0x390
 *(.debug_aranges)
 .debug_aranges
                0x0000000000000000       0x28 ../Lab6_Part2_APP_bsp//obj/HAL/src/crt0.o
 .debug_aranges
                0x0000000000000028       0x20 obj/default/lab6.o
 .debug_aranges
                0x0000000000000048       0x20 ../Lab6_Part2_APP_bsp/\libhal_bsp.a(alt_load.o)
 .debug_aranges
                0x0000000000000068       0x20 ../Lab6_Part2_APP_bsp/\libhal_bsp.a(alt_main.o)
 .debug_aranges
                0x0000000000000088       0x20 ../Lab6_Part2_APP_bsp/\libhal_bsp.a(alt_sys_init.o)
 .debug_aranges
                0x00000000000000a8       0x20 ../Lab6_Part2_APP_bsp/\libhal_bsp.a(altera_avalon_jtag_uart_fd.o)
 .debug_aranges
                0x00000000000000c8       0x20 ../Lab6_Part2_APP_bsp/\libhal_bsp.a(altera_avalon_jtag_uart_read.o)
 .debug_aranges
                0x00000000000000e8       0x20 ../Lab6_Part2_APP_bsp/\libhal_bsp.a(altera_avalon_jtag_uart_write.o)
 .debug_aranges
                0x0000000000000108       0x20 ../Lab6_Part2_APP_bsp/\libhal_bsp.a(alt_close.o)
 .debug_aranges
                0x0000000000000128       0x20 ../Lab6_Part2_APP_bsp/\libhal_bsp.a(alt_dcache_flush_all.o)
 .debug_aranges
                0x0000000000000148       0x20 ../Lab6_Part2_APP_bsp/\libhal_bsp.a(alt_dev.o)
 .debug_aranges
                0x0000000000000168       0x20 ../Lab6_Part2_APP_bsp/\libhal_bsp.a(alt_dev_llist_insert.o)
 .debug_aranges
                0x0000000000000188       0x18 ../Lab6_Part2_APP_bsp/\libhal_bsp.a(alt_errno.o)
 .debug_aranges
                0x00000000000001a0       0x20 ../Lab6_Part2_APP_bsp/\libhal_bsp.a(alt_icache_flush_all.o)
 .debug_aranges
                0x00000000000001c0       0x20 ../Lab6_Part2_APP_bsp/\libhal_bsp.a(alt_io_redirect.o)
 .debug_aranges
                0x00000000000001e0       0x20 ../Lab6_Part2_APP_bsp/\libhal_bsp.a(alt_open.o)
 .debug_aranges
                0x0000000000000200       0x20 ../Lab6_Part2_APP_bsp/\libhal_bsp.a(alt_release_fd.o)
 .debug_aranges
                0x0000000000000220       0x20 ../Lab6_Part2_APP_bsp/\libhal_bsp.a(altera_nios2_gen2_irq.o)
 .debug_aranges
                0x0000000000000240       0x20 ../Lab6_Part2_APP_bsp/\libhal_bsp.a(alt_find_dev.o)
 .debug_aranges
                0x0000000000000260       0x20 ../Lab6_Part2_APP_bsp/\libhal_bsp.a(alt_find_file.o)
 .debug_aranges
                0x0000000000000280       0x20 ../Lab6_Part2_APP_bsp/\libhal_bsp.a(alt_get_fd.o)
 .debug_aranges
                0x00000000000002a0       0x20 c:/intelfpga_lite/18.1/nios2eds/bin/gnu/h-x86_64-mingw32/bin/../lib/gcc/nios2-elf/5.3.0/../../../../../H-x86_64-mingw32/nios2-elf/lib/mno-hw-mul\libsmallc.a(lib_a-exit.o)
 .debug_aranges
                0x00000000000002c0       0x18 c:/intelfpga_lite/18.1/nios2eds/bin/gnu/h-x86_64-mingw32/bin/../lib/gcc/nios2-elf/5.3.0/../../../../../H-x86_64-mingw32/nios2-elf/lib/mno-hw-mul\libsmallc.a(lib_a-int_errno.o)
 .debug_aranges
                0x00000000000002d8       0x20 c:/intelfpga_lite/18.1/nios2eds/bin/gnu/h-x86_64-mingw32/bin/../lib/gcc/nios2-elf/5.3.0/../../../../../H-x86_64-mingw32/nios2-elf/lib/mno-hw-mul\libsmallc.a(lib_a-memcmp.o)
 .debug_aranges
                0x00000000000002f8       0x20 c:/intelfpga_lite/18.1/nios2eds/bin/gnu/h-x86_64-mingw32/bin/../lib/gcc/nios2-elf/5.3.0/../../../../../H-x86_64-mingw32/nios2-elf/lib/mno-hw-mul\libsmallc.a(lib_a-strlen.o)
 .debug_aranges
                0x0000000000000318       0x20 c:/intelfpga_lite/18.1/nios2eds/bin/gnu/h-x86_64-mingw32/bin/../lib/gcc/nios2-elf/5.3.0/../../../../../H-x86_64-mingw32/nios2-elf/lib/mno-hw-mul\libsmallc.a(lib_a-__call_atexit.o)
 .debug_aranges
                0x0000000000000338       0x18 c:/intelfpga_lite/18.1/nios2eds/bin/gnu/h-x86_64-mingw32/bin/../lib/gcc/nios2-elf/5.3.0/../../../../../H-x86_64-mingw32/nios2-elf/lib/mno-hw-mul\libsmallc.a(lib_a-impure.o)
 .debug_aranges
                0x0000000000000350       0x20 c:/intelfpga_lite/18.1/nios2eds/bin/gnu/h-x86_64-mingw32/bin/../lib/gcc/nios2-elf/5.3.0/mno-hw-mul\libgcc.a(lib2-mul.o)
 .debug_aranges
                0x0000000000000370       0x20 ../Lab6_Part2_APP_bsp/\libhal_bsp.a(alt_exit.o)

.debug_pubnames
 *(.debug_pubnames)

.debug_info     0x0000000000000000     0x40b9
 *(.debug_info .gnu.linkonce.wi.*)
 .debug_info    0x0000000000000000       0x86 ../Lab6_Part2_APP_bsp//obj/HAL/src/crt0.o
 .debug_info    0x0000000000000086      0x265 obj/default/lab6.o
 .debug_info    0x00000000000002eb      0x145 ../Lab6_Part2_APP_bsp/\libhal_bsp.a(alt_load.o)
 .debug_info    0x0000000000000430      0x131 ../Lab6_Part2_APP_bsp/\libhal_bsp.a(alt_main.o)
 .debug_info    0x0000000000000561      0x3c9 ../Lab6_Part2_APP_bsp/\libhal_bsp.a(alt_sys_init.o)
 .debug_info    0x000000000000092a      0x3a7 ../Lab6_Part2_APP_bsp/\libhal_bsp.a(altera_avalon_jtag_uart_fd.o)
 .debug_info    0x0000000000000cd1      0x1b2 ../Lab6_Part2_APP_bsp/\libhal_bsp.a(altera_avalon_jtag_uart_read.o)
 .debug_info    0x0000000000000e83      0x195 ../Lab6_Part2_APP_bsp/\libhal_bsp.a(altera_avalon_jtag_uart_write.o)
 .debug_info    0x0000000000001018      0x321 ../Lab6_Part2_APP_bsp/\libhal_bsp.a(alt_close.o)
 .debug_info    0x0000000000001339       0x92 ../Lab6_Part2_APP_bsp/\libhal_bsp.a(alt_dcache_flush_all.o)
 .debug_info    0x00000000000013cb      0x49c ../Lab6_Part2_APP_bsp/\libhal_bsp.a(alt_dev.o)
 .debug_info    0x0000000000001867      0x1a9 ../Lab6_Part2_APP_bsp/\libhal_bsp.a(alt_dev_llist_insert.o)
 .debug_info    0x0000000000001a10       0xa6 ../Lab6_Part2_APP_bsp/\libhal_bsp.a(alt_errno.o)
 .debug_info    0x0000000000001ab6       0x92 ../Lab6_Part2_APP_bsp/\libhal_bsp.a(alt_icache_flush_all.o)
 .debug_info    0x0000000000001b48      0x4a5 ../Lab6_Part2_APP_bsp/\libhal_bsp.a(alt_io_redirect.o)
 .debug_info    0x0000000000001fed      0x3bb ../Lab6_Part2_APP_bsp/\libhal_bsp.a(alt_open.o)
 .debug_info    0x00000000000023a8      0x2b0 ../Lab6_Part2_APP_bsp/\libhal_bsp.a(alt_release_fd.o)
 .debug_info    0x0000000000002658       0x92 ../Lab6_Part2_APP_bsp/\libhal_bsp.a(altera_nios2_gen2_irq.o)
 .debug_info    0x00000000000026ea      0x2e9 ../Lab6_Part2_APP_bsp/\libhal_bsp.a(alt_find_dev.o)
 .debug_info    0x00000000000029d3      0x2e6 ../Lab6_Part2_APP_bsp/\libhal_bsp.a(alt_find_file.o)
 .debug_info    0x0000000000002cb9      0x310 ../Lab6_Part2_APP_bsp/\libhal_bsp.a(alt_get_fd.o)
 .debug_info    0x0000000000002fc9       0xe5 c:/intelfpga_lite/18.1/nios2eds/bin/gnu/h-x86_64-mingw32/bin/../lib/gcc/nios2-elf/5.3.0/../../../../../H-x86_64-mingw32/nios2-elf/lib/mno-hw-mul\libsmallc.a(lib_a-exit.o)
 .debug_info    0x00000000000030ae       0x8a c:/intelfpga_lite/18.1/nios2eds/bin/gnu/h-x86_64-mingw32/bin/../lib/gcc/nios2-elf/5.3.0/../../../../../H-x86_64-mingw32/nios2-elf/lib/mno-hw-mul\libsmallc.a(lib_a-int_errno.o)
 .debug_info    0x0000000000003138       0xf4 c:/intelfpga_lite/18.1/nios2eds/bin/gnu/h-x86_64-mingw32/bin/../lib/gcc/nios2-elf/5.3.0/../../../../../H-x86_64-mingw32/nios2-elf/lib/mno-hw-mul\libsmallc.a(lib_a-memcmp.o)
 .debug_info    0x000000000000322c       0xc9 c:/intelfpga_lite/18.1/nios2eds/bin/gnu/h-x86_64-mingw32/bin/../lib/gcc/nios2-elf/5.3.0/../../../../../H-x86_64-mingw32/nios2-elf/lib/mno-hw-mul\libsmallc.a(lib_a-strlen.o)
 .debug_info    0x00000000000032f5      0x67b c:/intelfpga_lite/18.1/nios2eds/bin/gnu/h-x86_64-mingw32/bin/../lib/gcc/nios2-elf/5.3.0/../../../../../H-x86_64-mingw32/nios2-elf/lib/mno-hw-mul\libsmallc.a(lib_a-__call_atexit.o)
 .debug_info    0x0000000000003970      0x5a9 c:/intelfpga_lite/18.1/nios2eds/bin/gnu/h-x86_64-mingw32/bin/../lib/gcc/nios2-elf/5.3.0/../../../../../H-x86_64-mingw32/nios2-elf/lib/mno-hw-mul\libsmallc.a(lib_a-impure.o)
 .debug_info    0x0000000000003f19       0xb4 c:/intelfpga_lite/18.1/nios2eds/bin/gnu/h-x86_64-mingw32/bin/../lib/gcc/nios2-elf/5.3.0/mno-hw-mul\libgcc.a(lib2-mul.o)
 .debug_info    0x0000000000003fcd       0xec ../Lab6_Part2_APP_bsp/\libhal_bsp.a(alt_exit.o)

.debug_abbrev   0x0000000000000000     0x168a
 *(.debug_abbrev)
 .debug_abbrev  0x0000000000000000       0x12 ../Lab6_Part2_APP_bsp//obj/HAL/src/crt0.o
 .debug_abbrev  0x0000000000000012       0xbc obj/default/lab6.o
 .debug_abbrev  0x00000000000000ce       0x9f ../Lab6_Part2_APP_bsp/\libhal_bsp.a(alt_load.o)
 .debug_abbrev  0x000000000000016d       0xba ../Lab6_Part2_APP_bsp/\libhal_bsp.a(alt_main.o)
 .debug_abbrev  0x0000000000000227      0x157 ../Lab6_Part2_APP_bsp/\libhal_bsp.a(alt_sys_init.o)
 .debug_abbrev  0x000000000000037e       0xf7 ../Lab6_Part2_APP_bsp/\libhal_bsp.a(altera_avalon_jtag_uart_fd.o)
 .debug_abbrev  0x0000000000000475       0xd5 ../Lab6_Part2_APP_bsp/\libhal_bsp.a(altera_avalon_jtag_uart_read.o)
 .debug_abbrev  0x000000000000054a       0xd5 ../Lab6_Part2_APP_bsp/\libhal_bsp.a(altera_avalon_jtag_uart_write.o)
 .debug_abbrev  0x000000000000061f      0x11f ../Lab6_Part2_APP_bsp/\libhal_bsp.a(alt_close.o)
 .debug_abbrev  0x000000000000073e       0x42 ../Lab6_Part2_APP_bsp/\libhal_bsp.a(alt_dcache_flush_all.o)
 .debug_abbrev  0x0000000000000780       0xd9 ../Lab6_Part2_APP_bsp/\libhal_bsp.a(alt_dev.o)
 .debug_abbrev  0x0000000000000859      0x114 ../Lab6_Part2_APP_bsp/\libhal_bsp.a(alt_dev_llist_insert.o)
 .debug_abbrev  0x000000000000096d       0x5a ../Lab6_Part2_APP_bsp/\libhal_bsp.a(alt_errno.o)
 .debug_abbrev  0x00000000000009c7       0x42 ../Lab6_Part2_APP_bsp/\libhal_bsp.a(alt_icache_flush_all.o)
 .debug_abbrev  0x0000000000000a09      0x114 ../Lab6_Part2_APP_bsp/\libhal_bsp.a(alt_io_redirect.o)
 .debug_abbrev  0x0000000000000b1d      0x148 ../Lab6_Part2_APP_bsp/\libhal_bsp.a(alt_open.o)
 .debug_abbrev  0x0000000000000c65       0xde ../Lab6_Part2_APP_bsp/\libhal_bsp.a(alt_release_fd.o)
 .debug_abbrev  0x0000000000000d43       0x42 ../Lab6_Part2_APP_bsp/\libhal_bsp.a(altera_nios2_gen2_irq.o)
 .debug_abbrev  0x0000000000000d85       0xf0 ../Lab6_Part2_APP_bsp/\libhal_bsp.a(alt_find_dev.o)
 .debug_abbrev  0x0000000000000e75       0xf0 ../Lab6_Part2_APP_bsp/\libhal_bsp.a(alt_find_file.o)
 .debug_abbrev  0x0000000000000f65      0x10d ../Lab6_Part2_APP_bsp/\libhal_bsp.a(alt_get_fd.o)
 .debug_abbrev  0x0000000000001072       0x8b c:/intelfpga_lite/18.1/nios2eds/bin/gnu/h-x86_64-mingw32/bin/../lib/gcc/nios2-elf/5.3.0/../../../../../H-x86_64-mingw32/nios2-elf/lib/mno-hw-mul\libsmallc.a(lib_a-exit.o)
 .debug_abbrev  0x00000000000010fd       0x37 c:/intelfpga_lite/18.1/nios2eds/bin/gnu/h-x86_64-mingw32/bin/../lib/gcc/nios2-elf/5.3.0/../../../../../H-x86_64-mingw32/nios2-elf/lib/mno-hw-mul\libsmallc.a(lib_a-int_errno.o)
 .debug_abbrev  0x0000000000001134       0x7f c:/intelfpga_lite/18.1/nios2eds/bin/gnu/h-x86_64-mingw32/bin/../lib/gcc/nios2-elf/5.3.0/../../../../../H-x86_64-mingw32/nios2-elf/lib/mno-hw-mul\libsmallc.a(lib_a-memcmp.o)
 .debug_abbrev  0x00000000000011b3       0x7f c:/intelfpga_lite/18.1/nios2eds/bin/gnu/h-x86_64-mingw32/bin/../lib/gcc/nios2-elf/5.3.0/../../../../../H-x86_64-mingw32/nios2-elf/lib/mno-hw-mul\libsmallc.a(lib_a-strlen.o)
 .debug_abbrev  0x0000000000001232      0x1f6 c:/intelfpga_lite/18.1/nios2eds/bin/gnu/h-x86_64-mingw32/bin/../lib/gcc/nios2-elf/5.3.0/../../../../../H-x86_64-mingw32/nios2-elf/lib/mno-hw-mul\libsmallc.a(lib_a-__call_atexit.o)
 .debug_abbrev  0x0000000000001428      0x14a c:/intelfpga_lite/18.1/nios2eds/bin/gnu/h-x86_64-mingw32/bin/../lib/gcc/nios2-elf/5.3.0/../../../../../H-x86_64-mingw32/nios2-elf/lib/mno-hw-mul\libsmallc.a(lib_a-impure.o)
 .debug_abbrev  0x0000000000001572       0x6f c:/intelfpga_lite/18.1/nios2eds/bin/gnu/h-x86_64-mingw32/bin/../lib/gcc/nios2-elf/5.3.0/mno-hw-mul\libgcc.a(lib2-mul.o)
 .debug_abbrev  0x00000000000015e1       0xa9 ../Lab6_Part2_APP_bsp/\libhal_bsp.a(alt_exit.o)

.debug_line     0x0000000000000000     0x193b
 *(.debug_line)
 .debug_line    0x0000000000000000       0x66 ../Lab6_Part2_APP_bsp//obj/HAL/src/crt0.o
 .debug_line    0x0000000000000066       0xb7 obj/default/lab6.o
 .debug_line    0x000000000000011d       0x8e ../Lab6_Part2_APP_bsp/\libhal_bsp.a(alt_load.o)
 .debug_line    0x00000000000001ab       0x9e ../Lab6_Part2_APP_bsp/\libhal_bsp.a(alt_main.o)
 .debug_line    0x0000000000000249      0x127 ../Lab6_Part2_APP_bsp/\libhal_bsp.a(alt_sys_init.o)
 .debug_line    0x0000000000000370      0x112 ../Lab6_Part2_APP_bsp/\libhal_bsp.a(altera_avalon_jtag_uart_fd.o)
 .debug_line    0x0000000000000482       0xfd ../Lab6_Part2_APP_bsp/\libhal_bsp.a(altera_avalon_jtag_uart_read.o)
 .debug_line    0x000000000000057f       0xf4 ../Lab6_Part2_APP_bsp/\libhal_bsp.a(altera_avalon_jtag_uart_write.o)
 .debug_line    0x0000000000000673      0x165 ../Lab6_Part2_APP_bsp/\libhal_bsp.a(alt_close.o)
 .debug_line    0x00000000000007d8       0x51 ../Lab6_Part2_APP_bsp/\libhal_bsp.a(alt_dcache_flush_all.o)
 .debug_line    0x0000000000000829       0xf8 ../Lab6_Part2_APP_bsp/\libhal_bsp.a(alt_dev.o)
 .debug_line    0x0000000000000921       0xcf ../Lab6_Part2_APP_bsp/\libhal_bsp.a(alt_dev_llist_insert.o)
 .debug_line    0x00000000000009f0       0x51 ../Lab6_Part2_APP_bsp/\libhal_bsp.a(alt_errno.o)
 .debug_line    0x0000000000000a41       0x4f ../Lab6_Part2_APP_bsp/\libhal_bsp.a(alt_icache_flush_all.o)
 .debug_line    0x0000000000000a90      0x135 ../Lab6_Part2_APP_bsp/\libhal_bsp.a(alt_io_redirect.o)
 .debug_line    0x0000000000000bc5      0x12b ../Lab6_Part2_APP_bsp/\libhal_bsp.a(alt_open.o)
 .debug_line    0x0000000000000cf0       0xb0 ../Lab6_Part2_APP_bsp/\libhal_bsp.a(alt_release_fd.o)
 .debug_line    0x0000000000000da0       0x51 ../Lab6_Part2_APP_bsp/\libhal_bsp.a(altera_nios2_gen2_irq.o)
 .debug_line    0x0000000000000df1       0xb5 ../Lab6_Part2_APP_bsp/\libhal_bsp.a(alt_find_dev.o)
 .debug_line    0x0000000000000ea6       0xd1 ../Lab6_Part2_APP_bsp/\libhal_bsp.a(alt_find_file.o)
 .debug_line    0x0000000000000f77       0xd7 ../Lab6_Part2_APP_bsp/\libhal_bsp.a(alt_get_fd.o)
 .debug_line    0x000000000000104e      0x159 c:/intelfpga_lite/18.1/nios2eds/bin/gnu/h-x86_64-mingw32/bin/../lib/gcc/nios2-elf/5.3.0/../../../../../H-x86_64-mingw32/nios2-elf/lib/mno-hw-mul\libsmallc.a(lib_a-exit.o)
 .debug_line    0x00000000000011a7       0x5f c:/intelfpga_lite/18.1/nios2eds/bin/gnu/h-x86_64-mingw32/bin/../lib/gcc/nios2-elf/5.3.0/../../../../../H-x86_64-mingw32/nios2-elf/lib/mno-hw-mul\libsmallc.a(lib_a-int_errno.o)
 .debug_line    0x0000000000001206      0x160 c:/intelfpga_lite/18.1/nios2eds/bin/gnu/h-x86_64-mingw32/bin/../lib/gcc/nios2-elf/5.3.0/../../../../../H-x86_64-mingw32/nios2-elf/lib/mno-hw-mul\libsmallc.a(lib_a-memcmp.o)
 .debug_line    0x0000000000001366      0x15c c:/intelfpga_lite/18.1/nios2eds/bin/gnu/h-x86_64-mingw32/bin/../lib/gcc/nios2-elf/5.3.0/../../../../../H-x86_64-mingw32/nios2-elf/lib/mno-hw-mul\libsmallc.a(lib_a-strlen.o)
 .debug_line    0x00000000000014c2      0x232 c:/intelfpga_lite/18.1/nios2eds/bin/gnu/h-x86_64-mingw32/bin/../lib/gcc/nios2-elf/5.3.0/../../../../../H-x86_64-mingw32/nios2-elf/lib/mno-hw-mul\libsmallc.a(lib_a-__call_atexit.o)
 .debug_line    0x00000000000016f4      0x156 c:/intelfpga_lite/18.1/nios2eds/bin/gnu/h-x86_64-mingw32/bin/../lib/gcc/nios2-elf/5.3.0/../../../../../H-x86_64-mingw32/nios2-elf/lib/mno-hw-mul\libsmallc.a(lib_a-impure.o)
 .debug_line    0x000000000000184a       0x80 c:/intelfpga_lite/18.1/nios2eds/bin/gnu/h-x86_64-mingw32/bin/../lib/gcc/nios2-elf/5.3.0/mno-hw-mul\libgcc.a(lib2-mul.o)
 .debug_line    0x00000000000018ca       0x71 ../Lab6_Part2_APP_bsp/\libhal_bsp.a(alt_exit.o)

.debug_frame    0x0000000000000000      0x6e0
 *(.debug_frame)
 .debug_frame   0x0000000000000000       0x98 obj/default/lab6.o
 .debug_frame   0x0000000000000098       0x5c ../Lab6_Part2_APP_bsp/\libhal_bsp.a(alt_load.o)
 .debug_frame   0x00000000000000f4       0x2c ../Lab6_Part2_APP_bsp/\libhal_bsp.a(alt_main.o)
 .debug_frame   0x0000000000000120       0x88 ../Lab6_Part2_APP_bsp/\libhal_bsp.a(alt_sys_init.o)
 .debug_frame   0x00000000000001a8       0x60 ../Lab6_Part2_APP_bsp/\libhal_bsp.a(altera_avalon_jtag_uart_fd.o)
 .debug_frame   0x0000000000000208       0x34 ../Lab6_Part2_APP_bsp/\libhal_bsp.a(altera_avalon_jtag_uart_read.o)
 .debug_frame   0x000000000000023c       0x34 ../Lab6_Part2_APP_bsp/\libhal_bsp.a(altera_avalon_jtag_uart_write.o)
 .debug_frame   0x0000000000000270       0x60 ../Lab6_Part2_APP_bsp/\libhal_bsp.a(alt_close.o)
 .debug_frame   0x00000000000002d0       0x34 ../Lab6_Part2_APP_bsp/\libhal_bsp.a(alt_dcache_flush_all.o)
 .debug_frame   0x0000000000000304       0x34 ../Lab6_Part2_APP_bsp/\libhal_bsp.a(alt_dev.o)
 .debug_frame   0x0000000000000338       0x60 ../Lab6_Part2_APP_bsp/\libhal_bsp.a(alt_dev_llist_insert.o)
 .debug_frame   0x0000000000000398       0x34 ../Lab6_Part2_APP_bsp/\libhal_bsp.a(alt_icache_flush_all.o)
 .debug_frame   0x00000000000003cc       0x64 ../Lab6_Part2_APP_bsp/\libhal_bsp.a(alt_io_redirect.o)
 .debug_frame   0x0000000000000430       0x8c ../Lab6_Part2_APP_bsp/\libhal_bsp.a(alt_open.o)
 .debug_frame   0x00000000000004bc       0x3c ../Lab6_Part2_APP_bsp/\libhal_bsp.a(alt_release_fd.o)
 .debug_frame   0x00000000000004f8       0x34 ../Lab6_Part2_APP_bsp/\libhal_bsp.a(altera_nios2_gen2_irq.o)
 .debug_frame   0x000000000000052c       0x38 ../Lab6_Part2_APP_bsp/\libhal_bsp.a(alt_find_dev.o)
 .debug_frame   0x0000000000000564       0x38 ../Lab6_Part2_APP_bsp/\libhal_bsp.a(alt_find_file.o)
 .debug_frame   0x000000000000059c       0x3c ../Lab6_Part2_APP_bsp/\libhal_bsp.a(alt_get_fd.o)
 .debug_frame   0x00000000000005d8       0x28 c:/intelfpga_lite/18.1/nios2eds/bin/gnu/h-x86_64-mingw32/bin/../lib/gcc/nios2-elf/5.3.0/../../../../../H-x86_64-mingw32/nios2-elf/lib/mno-hw-mul\libsmallc.a(lib_a-exit.o)
 .debug_frame   0x0000000000000600       0x20 c:/intelfpga_lite/18.1/nios2eds/bin/gnu/h-x86_64-mingw32/bin/../lib/gcc/nios2-elf/5.3.0/../../../../../H-x86_64-mingw32/nios2-elf/lib/mno-hw-mul\libsmallc.a(lib_a-memcmp.o)
 .debug_frame   0x0000000000000620       0x20 c:/intelfpga_lite/18.1/nios2eds/bin/gnu/h-x86_64-mingw32/bin/../lib/gcc/nios2-elf/5.3.0/../../../../../H-x86_64-mingw32/nios2-elf/lib/mno-hw-mul\libsmallc.a(lib_a-strlen.o)
 .debug_frame   0x0000000000000640       0x54 c:/intelfpga_lite/18.1/nios2eds/bin/gnu/h-x86_64-mingw32/bin/../lib/gcc/nios2-elf/5.3.0/../../../../../H-x86_64-mingw32/nios2-elf/lib/mno-hw-mul\libsmallc.a(lib_a-__call_atexit.o)
 .debug_frame   0x0000000000000694       0x20 c:/intelfpga_lite/18.1/nios2eds/bin/gnu/h-x86_64-mingw32/bin/../lib/gcc/nios2-elf/5.3.0/mno-hw-mul\libgcc.a(lib2-mul.o)
 .debug_frame   0x00000000000006b4       0x2c ../Lab6_Part2_APP_bsp/\libhal_bsp.a(alt_exit.o)

.debug_str      0x0000000000000000     0x112a
 *(.debug_str)
 .debug_str     0x0000000000000000      0x16e obj/default/lab6.o
                                        0x1b3 (size before relaxing)
 .debug_str     0x000000000000016e      0x143 ../Lab6_Part2_APP_bsp/\libhal_bsp.a(alt_load.o)
                                        0x22a (size before relaxing)
 .debug_str     0x00000000000002b1       0x70 ../Lab6_Part2_APP_bsp/\libhal_bsp.a(alt_main.o)
                                        0x1b5 (size before relaxing)
 .debug_str     0x0000000000000321      0x15e ../Lab6_Part2_APP_bsp/\libhal_bsp.a(alt_sys_init.o)
                                        0x2ec (size before relaxing)
 .debug_str     0x000000000000047f       0x77 ../Lab6_Part2_APP_bsp/\libhal_bsp.a(altera_avalon_jtag_uart_fd.o)
                                        0x2ed (size before relaxing)
 .debug_str     0x00000000000004f6       0x48 ../Lab6_Part2_APP_bsp/\libhal_bsp.a(altera_avalon_jtag_uart_read.o)
                                        0x237 (size before relaxing)
 .debug_str     0x000000000000053e       0x4a ../Lab6_Part2_APP_bsp/\libhal_bsp.a(altera_avalon_jtag_uart_write.o)
                                        0x22d (size before relaxing)
 .debug_str     0x0000000000000588       0x44 ../Lab6_Part2_APP_bsp/\libhal_bsp.a(alt_close.o)
                                        0x223 (size before relaxing)
 .debug_str     0x00000000000005cc       0x34 ../Lab6_Part2_APP_bsp/\libhal_bsp.a(alt_dcache_flush_all.o)
                                        0x16d (size before relaxing)
 .debug_str     0x0000000000000600      0x120 ../Lab6_Part2_APP_bsp/\libhal_bsp.a(alt_dev.o)
                                        0x31d (size before relaxing)
 .debug_str     0x0000000000000720       0x4b ../Lab6_Part2_APP_bsp/\libhal_bsp.a(alt_dev_llist_insert.o)
                                        0x1e4 (size before relaxing)
 .debug_str     0x000000000000076b       0x14 ../Lab6_Part2_APP_bsp/\libhal_bsp.a(alt_errno.o)
                                        0x15d (size before relaxing)
 .debug_str     0x000000000000077f       0x34 ../Lab6_Part2_APP_bsp/\libhal_bsp.a(alt_icache_flush_all.o)
                                        0x16d (size before relaxing)
 .debug_str     0x00000000000007b3       0x56 ../Lab6_Part2_APP_bsp/\libhal_bsp.a(alt_io_redirect.o)
                                        0x32e (size before relaxing)
 .debug_str     0x0000000000000809       0x36 ../Lab6_Part2_APP_bsp/\libhal_bsp.a(alt_open.o)
                                        0x263 (size before relaxing)
 .debug_str     0x000000000000083f       0x28 ../Lab6_Part2_APP_bsp/\libhal_bsp.a(alt_release_fd.o)
                                        0x1eb (size before relaxing)
 .debug_str     0x0000000000000867       0x3b ../Lab6_Part2_APP_bsp/\libhal_bsp.a(altera_nios2_gen2_irq.o)
                                        0x174 (size before relaxing)
 .debug_str     0x00000000000008a2       0x24 ../Lab6_Part2_APP_bsp/\libhal_bsp.a(alt_find_dev.o)
                                        0x204 (size before relaxing)
 .debug_str     0x00000000000008c6       0x26 ../Lab6_Part2_APP_bsp/\libhal_bsp.a(alt_find_file.o)
                                        0x212 (size before relaxing)
 .debug_str     0x00000000000008ec       0x30 ../Lab6_Part2_APP_bsp/\libhal_bsp.a(alt_get_fd.o)
                                        0x234 (size before relaxing)
 .debug_str     0x000000000000091c      0x142 c:/intelfpga_lite/18.1/nios2eds/bin/gnu/h-x86_64-mingw32/bin/../lib/gcc/nios2-elf/5.3.0/../../../../../H-x86_64-mingw32/nios2-elf/lib/mno-hw-mul\libsmallc.a(lib_a-exit.o)
                                        0x1f0 (size before relaxing)
 .debug_str     0x0000000000000a5e       0xd3 c:/intelfpga_lite/18.1/nios2eds/bin/gnu/h-x86_64-mingw32/bin/../lib/gcc/nios2-elf/5.3.0/../../../../../H-x86_64-mingw32/nios2-elf/lib/mno-hw-mul\libsmallc.a(lib_a-int_errno.o)
                                        0x1d8 (size before relaxing)
 .debug_str     0x0000000000000b31       0xe0 c:/intelfpga_lite/18.1/nios2eds/bin/gnu/h-x86_64-mingw32/bin/../lib/gcc/nios2-elf/5.3.0/../../../../../H-x86_64-mingw32/nios2-elf/lib/mno-hw-mul\libsmallc.a(lib_a-memcmp.o)
                                        0x1df (size before relaxing)
 .debug_str     0x0000000000000c11       0x44 c:/intelfpga_lite/18.1/nios2eds/bin/gnu/h-x86_64-mingw32/bin/../lib/gcc/nios2-elf/5.3.0/../../../../../H-x86_64-mingw32/nios2-elf/lib/mno-hw-mul\libsmallc.a(lib_a-strlen.o)
                                        0x1e5 (size before relaxing)
 .debug_str     0x0000000000000c55      0x31b c:/intelfpga_lite/18.1/nios2eds/bin/gnu/h-x86_64-mingw32/bin/../lib/gcc/nios2-elf/5.3.0/../../../../../H-x86_64-mingw32/nios2-elf/lib/mno-hw-mul\libsmallc.a(lib_a-__call_atexit.o)
                                        0x4eb (size before relaxing)
 .debug_str     0x0000000000000f70       0x48 c:/intelfpga_lite/18.1/nios2eds/bin/gnu/h-x86_64-mingw32/bin/../lib/gcc/nios2-elf/5.3.0/../../../../../H-x86_64-mingw32/nios2-elf/lib/mno-hw-mul\libsmallc.a(lib_a-impure.o)
                                        0x4be (size before relaxing)
 .debug_str     0x0000000000000fb8      0x148 c:/intelfpga_lite/18.1/nios2eds/bin/gnu/h-x86_64-mingw32/bin/../lib/gcc/nios2-elf/5.3.0/mno-hw-mul\libgcc.a(lib2-mul.o)
                                        0x193 (size before relaxing)
 .debug_str     0x0000000000001100       0x2a ../Lab6_Part2_APP_bsp/\libhal_bsp.a(alt_exit.o)
                                        0x169 (size before relaxing)

.debug_loc      0x0000000000000000      0x2ba
 *(.debug_loc)
 .debug_loc     0x0000000000000000       0x1e c:/intelfpga_lite/18.1/nios2eds/bin/gnu/h-x86_64-mingw32/bin/../lib/gcc/nios2-elf/5.3.0/../../../../../H-x86_64-mingw32/nios2-elf/lib/mno-hw-mul\libsmallc.a(lib_a-exit.o)
 .debug_loc     0x000000000000001e       0x94 c:/intelfpga_lite/18.1/nios2eds/bin/gnu/h-x86_64-mingw32/bin/../lib/gcc/nios2-elf/5.3.0/../../../../../H-x86_64-mingw32/nios2-elf/lib/mno-hw-mul\libsmallc.a(lib_a-memcmp.o)
 .debug_loc     0x00000000000000b2       0x1e c:/intelfpga_lite/18.1/nios2eds/bin/gnu/h-x86_64-mingw32/bin/../lib/gcc/nios2-elf/5.3.0/../../../../../H-x86_64-mingw32/nios2-elf/lib/mno-hw-mul\libsmallc.a(lib_a-strlen.o)
 .debug_loc     0x00000000000000d0      0x157 c:/intelfpga_lite/18.1/nios2eds/bin/gnu/h-x86_64-mingw32/bin/../lib/gcc/nios2-elf/5.3.0/../../../../../H-x86_64-mingw32/nios2-elf/lib/mno-hw-mul\libsmallc.a(lib_a-__call_atexit.o)
 .debug_loc     0x0000000000000227       0x93 c:/intelfpga_lite/18.1/nios2eds/bin/gnu/h-x86_64-mingw32/bin/../lib/gcc/nios2-elf/5.3.0/mno-hw-mul\libgcc.a(lib2-mul.o)

.debug_macinfo
 *(.debug_macinfo)

.debug_weaknames
 *(.debug_weaknames)

.debug_funcnames
 *(.debug_funcnames)

.debug_typenames
 *(.debug_typenames)

.debug_varnames
 *(.debug_varnames)

.debug_alt_sim_info
                0x0000000000000000       0x10
 *(.debug_alt_sim_info)
 .debug_alt_sim_info
                0x0000000000000000       0x10 ../Lab6_Part2_APP_bsp//obj/HAL/src/crt0.o
                0x0000000000008000                __alt_data_end = 0x8000
                0x0000000000008000                PROVIDE (__alt_stack_pointer, __alt_data_end)
                [!provide]                        PROVIDE (__alt_stack_limit, __alt_stack_base)
                [!provide]                        PROVIDE (__alt_heap_start, end)
                [!provide]                        PROVIDE (__alt_heap_limit, 0x8000)
OUTPUT(Lab6_Part2_APP.elf elf32-littlenios2)

.debug_ranges   0x0000000000000000       0x90
 .debug_ranges  0x0000000000000000       0x20 ../Lab6_Part2_APP_bsp//obj/HAL/src/crt0.o
 .debug_ranges  0x0000000000000020       0x18 ../Lab6_Part2_APP_bsp/\libhal_bsp.a(altera_avalon_jtag_uart_read.o)
 .debug_ranges  0x0000000000000038       0x10 c:/intelfpga_lite/18.1/nios2eds/bin/gnu/h-x86_64-mingw32/bin/../lib/gcc/nios2-elf/5.3.0/../../../../../H-x86_64-mingw32/nios2-elf/lib/mno-hw-mul\libsmallc.a(lib_a-exit.o)
 .debug_ranges  0x0000000000000048       0x10 c:/intelfpga_lite/18.1/nios2eds/bin/gnu/h-x86_64-mingw32/bin/../lib/gcc/nios2-elf/5.3.0/../../../../../H-x86_64-mingw32/nios2-elf/lib/mno-hw-mul\libsmallc.a(lib_a-memcmp.o)
 .debug_ranges  0x0000000000000058       0x10 c:/intelfpga_lite/18.1/nios2eds/bin/gnu/h-x86_64-mingw32/bin/../lib/gcc/nios2-elf/5.3.0/../../../../../H-x86_64-mingw32/nios2-elf/lib/mno-hw-mul\libsmallc.a(lib_a-strlen.o)
 .debug_ranges  0x0000000000000068       0x28 c:/intelfpga_lite/18.1/nios2eds/bin/gnu/h-x86_64-mingw32/bin/../lib/gcc/nios2-elf/5.3.0/../../../../../H-x86_64-mingw32/nios2-elf/lib/mno-hw-mul\libsmallc.a(lib_a-__call_atexit.o)
